2025-04-04 06:25:04.828249 - Received CBT.V508.FILE232.PDS from FILE232.XMI 
2025-04-04 06:25:04.829162 - Found $$$#DATE.txt (text/plain) in CBT.V508.FILE232.PDS, moved to PDS/$$$#DATE
2025-04-04 06:25:04.829331 - Found $DOC.txt (text/plain) in CBT.V508.FILE232.PDS, moved to PDS/$DOC
2025-04-04 06:25:04.829468 - Found $JCL.jcl (text/plain) in CBT.V508.FILE232.PDS, moved to PDS/$JCL
2025-04-04 06:25:04.829598 - Found @FILE232.txt (text/plain) in CBT.V508.FILE232.PDS, moved to PDS/@FILE232
2025-04-04 06:25:04.829718 - Found CHPID.txt (text/plain) in CBT.V508.FILE232.PDS, moved to PDS/CHPID
2025-04-04 06:25:04.829831 - Found CNTLUNIT.txt (text/plain) in CBT.V508.FILE232.PDS, moved to PDS/CNTLUNIT
2025-04-04 06:25:04.829946 - Found CONSOLE.txt (text/plain) in CBT.V508.FILE232.PDS, moved to PDS/CONSOLE
2025-04-04 06:25:04.830068 - Found CTRLPROG.txt (text/plain) in CBT.V508.FILE232.PDS, moved to PDS/CTRLPROG
2025-04-04 06:25:04.830179 - Found DATAMGT.txt (text/plain) in CBT.V508.FILE232.PDS, moved to PDS/DATAMGT
2025-04-04 06:25:04.830290 - Found DATASET.txt (text/plain) in CBT.V508.FILE232.PDS, moved to PDS/DATASET
2025-04-04 06:25:04.830404 - Found EDIT.txt (text/plain) in CBT.V508.FILE232.PDS, moved to PDS/EDIT
2025-04-04 06:25:04.830514 - Found GENERATE.txt (text/plain) in CBT.V508.FILE232.PDS, moved to PDS/GENERATE
2025-04-04 06:25:04.830620 - Found ID.txt (text/plain) in CBT.V508.FILE232.PDS, moved to PDS/ID
2025-04-04 06:25:04.830731 - Found IODEVICE.txt (text/plain) in CBT.V508.FILE232.PDS, moved to PDS/IODEVICE
2025-04-04 06:25:04.830857 - Found JES.txt (text/plain) in CBT.V508.FILE232.PDS, moved to PDS/JES
2025-04-04 06:25:04.830995 - Found SCHEDULR.txt (text/plain) in CBT.V508.FILE232.PDS, moved to PDS/SCHEDULR
2025-04-04 06:25:04.831122 - Found SGGIMSMP.txt (text/plain) in CBT.V508.FILE232.PDS, moved to PDS/SGGIMSMP
2025-04-04 06:25:04.831232 - Found SVCTABLE.txt (text/plain) in CBT.V508.FILE232.PDS, moved to PDS/SVCTABLE
2025-04-04 06:25:04.831353 - Found TSO.txt (text/plain) in CBT.V508.FILE232.PDS, moved to PDS/TSO
2025-04-04 06:25:04.831466 - Found UNITNAME.txt (text/plain) in CBT.V508.FILE232.PDS, moved to PDS/UNITNAME
